// Jest Snapshot v1, https://goo.gl/fbAQLP

exports[`Copy paste a media single with alt text properly 1`] = `
Object {
  "content": Array [
    Object {
      "attrs": Object {
        "layout": "wrap-left",
        "width": 66.67,
      },
      "content": Array [
        Object {
          "attrs": Object {
            "__contextId": "DUMMY-OBJECT-ID",
            "__displayType": null,
            "__external": false,
            "__fileMimeType": "image/svg+xml",
            "__fileName": "example.png",
            "__fileSize": 235,
            "alt": "test",
            "collection": "MediaServicesSample",
            "height": 628,
            "id": "1234-5678-abcd-efgh",
            "occurrenceKey": null,
            "type": "file",
            "url": null,
            "width": 2378,
          },
          "type": "media",
        },
      ],
      "type": "mediaSingle",
    },
    Object {
      "content": Array [
        Object {
          "text": "pasting",
          "type": "text",
        },
      ],
      "type": "paragraph",
    },
    Object {
      "attrs": Object {
        "layout": "wrap-left",
        "width": 66.67,
      },
      "content": Array [
        Object {
          "attrs": Object {
            "__contextId": "DUMMY-OBJECT-ID",
            "__displayType": null,
            "__external": false,
            "__fileMimeType": "image/svg+xml",
            "__fileName": "example.png",
            "__fileSize": 235,
            "alt": "test",
            "collection": "MediaServicesSample",
            "height": 628,
            "id": "1234-5678-abcd-efgh",
            "occurrenceKey": null,
            "type": "file",
            "url": null,
            "width": 2378,
          },
          "type": "media",
        },
      ],
      "type": "mediaSingle",
    },
    Object {
      "type": "paragraph",
    },
  ],
  "type": "doc",
}
`;
