// Jest Snapshot v1, https://goo.gl/fbAQLP

exports[`editor: calls analyticsBridge.trackEvent when analytics events are captured 1`] = `
Array [
  Object {
    "event": "{\\"source\\":\\"unknown\\",\\"action\\":\\"started\\",\\"actionSubject\\":\\"editor\\",\\"attributes\\":{\\"packageName\\":\\"@atlaskit/editor-core\\",\\"packageVersion\\":\\"999.9.9\\",\\"componentName\\":\\"editorCore\\",\\"appearance\\":\\"mobile\\",\\"platform\\":\\"web\\"},\\"tags\\":[\\"fabricEditor\\"],\\"eventType\\":\\"ui\\"}",
  },
  Object {
    "event": "{\\"source\\":\\"unknown\\",\\"action\\":\\"formatted\\",\\"actionSubject\\":\\"text\\",\\"actionSubjectId\\":\\"bulletedList\\",\\"attributes\\":{\\"packageName\\":\\"@atlaskit/editor-core\\",\\"packageVersion\\":\\"999.9.9\\",\\"componentName\\":\\"editorCore\\",\\"appearance\\":\\"mobile\\",\\"inputMethod\\":\\"autoformatting\\"},\\"tags\\":[\\"fabricEditor\\"],\\"eventType\\":\\"track\\"}",
  },
]
`;

exports[`editor: calls analyticsBridge.trackEvent when analytics events are captured 2`] = `
Array [
  Object {
    "event": "{\\"source\\":\\"unknown\\",\\"action\\":\\"started\\",\\"actionSubject\\":\\"editor\\",\\"attributes\\":{\\"packageName\\":\\"@atlaskit/editor-core\\",\\"packageVersion\\":\\"999.9.9\\",\\"componentName\\":\\"editorCore\\",\\"appearance\\":\\"mobile\\",\\"platform\\":\\"web\\"},\\"tags\\":[\\"fabricEditor\\"],\\"eventType\\":\\"ui\\"}",
  },
  Object {
    "event": "{\\"source\\":\\"unknown\\",\\"action\\":\\"formatted\\",\\"actionSubject\\":\\"text\\",\\"actionSubjectId\\":\\"bulletedList\\",\\"attributes\\":{\\"packageName\\":\\"@atlaskit/editor-core\\",\\"packageVersion\\":\\"999.9.9\\",\\"componentName\\":\\"editorCore\\",\\"appearance\\":\\"mobile\\",\\"inputMethod\\":\\"autoformatting\\"},\\"tags\\":[\\"fabricEditor\\"],\\"eventType\\":\\"track\\"}",
  },
]
`;

exports[`renderer: calls analyticsBridge.trackEvent when analytics events are captured 1`] = `
Object {
  "event": "{\\"source\\":\\"unknown\\",\\"action\\":\\"started\\",\\"actionSubject\\":\\"renderer\\",\\"attributes\\":{\\"appearance\\":\\"mobile\\",\\"packageName\\":\\"@atlaskit/renderer\\",\\"packageVersion\\":\\"999.9.9\\",\\"componentName\\":\\"editorCore\\",\\"platform\\":\\"web\\"},\\"tags\\":[\\"fabricEditor\\"],\\"eventType\\":\\"ui\\"}",
}
`;

exports[`renderer: calls analyticsBridge.trackEvent when analytics events are captured 2`] = `
Object {
  "event": "{\\"source\\":\\"unknown\\",\\"action\\":\\"started\\",\\"actionSubject\\":\\"renderer\\",\\"attributes\\":{\\"appearance\\":\\"mobile\\",\\"packageName\\":\\"@atlaskit/renderer\\",\\"packageVersion\\":\\"999.9.9\\",\\"componentName\\":\\"editorCore\\",\\"platform\\":\\"web\\"},\\"tags\\":[\\"fabricEditor\\"],\\"eventType\\":\\"ui\\"}",
}
`;
