// Jest Snapshot v1, https://goo.gl/fbAQLP

exports[`ADF => WikiMarkup - BlockCard should convert blockcard node 1`] = `"[https://www.dropbox.com|https://www.dropbox.com|smart-card]"`;
